[debug] [2026-05-18T18:02:30.786Z] ----------------------------------------------------------------------
[debug] [2026-05-18T18:02:30.789Z] Command:       /usr/local/Cellar/node/25.6.1/bin/node /usr/local/bin/firebase init
[debug] [2026-05-18T18:02:30.789Z] CLI Version:   14.12.1
[debug] [2026-05-18T18:02:30.789Z] Platform:      darwin
[debug] [2026-05-18T18:02:30.789Z] Node Version:  v25.6.1
[debug] [2026-05-18T18:02:30.789Z] Time:          Mon May 18 2026 19:02:30 GMT+0100 (West Africa Time)
[debug] [2026-05-18T18:02:30.790Z] ----------------------------------------------------------------------
[debug] 
[debug] [2026-05-18T18:02:30.791Z] >>> [apiv2][query] GET https://firebase-public.firebaseio.com/cli.json [none]
[debug] [2026-05-18T18:02:30.829Z] > command requires scopes: ["email","openid","https://www.googleapis.com/auth/cloudplatformprojects.readonly","https://www.googleapis.com/auth/firebase","https://www.googleapis.com/auth/cloud-platform"]
[debug] [2026-05-18T18:02:30.829Z] > authorizing via signed-in user (quantuminc02@gmail.com)
[info] 
     ######## #### ########  ######## ########     ###     ######  ########
     ##        ##  ##     ## ##       ##     ##  ##   ##  ##       ##
     ######    ##  ########  ######   ########  #########  ######  ######
     ##        ##  ##    ##  ##       ##     ## ##     ##       ## ##
     ##       #### ##     ## ######## ########  ##     ##  ######  ########

You're about to initialize a Firebase project in this directory:

  /Users/pc/Documents/sui-functions/website

[debug] [2026-05-18T18:02:31.411Z] <<< [apiv2][status] GET https://firebase-public.firebaseio.com/cli.json 200
[debug] [2026-05-18T18:02:31.411Z] <<< [apiv2][body] GET https://firebase-public.firebaseio.com/cli.json {"cloudBuildErrorAfter":1594252800000,"cloudBuildWarnAfter":1590019200000,"defaultNode10After":1594252800000,"minVersion":"3.0.5","node8DeploysDisabledAfter":1613390400000,"node8RuntimeDisabledAfter":1615809600000,"node8WarnAfter":1600128000000}
[info] 
=== Project Setup
[info] 
[info] First, let's associate this project directory with a Firebase project.
[info] You can create multiple project aliases by running firebase use --add, 
[info] but for now we'll just set up a default project.
[info] 
[debug] [2026-05-18T18:02:35.267Z] Checked if tokens are valid: false, expires at: 1778523973116
[debug] [2026-05-18T18:02:35.267Z] Checked if tokens are valid: false, expires at: 1778523973116
[debug] [2026-05-18T18:02:35.267Z] > refreshing access token with scopes: []
[debug] [2026-05-18T18:02:35.268Z] >>> [apiv2][query] POST https://www.googleapis.com/oauth2/v3/token [none]
[debug] [2026-05-18T18:02:35.268Z] >>> [apiv2][body] POST https://www.googleapis.com/oauth2/v3/token [omitted]
[debug] [2026-05-18T18:02:35.728Z] <<< [apiv2][status] POST https://www.googleapis.com/oauth2/v3/token 200
[debug] [2026-05-18T18:02:35.728Z] <<< [apiv2][body] POST https://www.googleapis.com/oauth2/v3/token [omitted]
[debug] [2026-05-18T18:02:35.782Z] >>> [apiv2][query] GET https://firebase.googleapis.com/v1beta1/projects pageSize=100
[debug] [2026-05-18T18:02:36.613Z] <<< [apiv2][status] GET https://firebase.googleapis.com/v1beta1/projects 200
[debug] [2026-05-18T18:02:36.613Z] <<< [apiv2][body] GET https://firebase.googleapis.com/v1beta1/projects [omitted]
